
Starting resnet50, seed 0
resnet50 | real_only | development | full | 4218 planned steps
Training: 45000 images | validation: 5000 images
Starting at step 0; stopping at step 4218.
step 703: training loss 4.5406, validation accuracy 2.92%, validation loss 4.4748
step 1406: training loss 4.3282, validation accuracy 6.40%, validation loss 4.1826
step 2109: training loss 4.0743, validation accuracy 9.50%, validation loss 3.9525
step 2812: training loss 3.8695, validation accuracy 11.46%, validation loss 3.7766
step 3515: training loss 3.7468, validation accuracy 13.00%, validation loss 3.7038
step 4218: training loss 3.6932, validation accuracy 13.00%, validation loss 3.6939
Checkpoint reload passed. Peak GPU memory: 5532 MiB. Results: runs/baseline_4218steps/resnet50_seed0

Starting convnext_tiny, seed 0
convnext_tiny | real_only | development | full | 4218 planned steps
Training: 45000 images | validation: 5000 images
Starting at step 0; stopping at step 4218.
step 703: training loss 4.0203, validation accuracy 13.66%, validation loss 3.6229
step 1406: training loss 3.3891, validation accuracy 22.82%, validation loss 3.1502
step 2109: training loss 3.0356, validation accuracy 27.64%, validation loss 2.8755
step 2812: training loss 2.7518, validation accuracy 31.94%, validation loss 2.6622
step 3515: training loss 2.5214, validation accuracy 35.18%, validation loss 2.5287
step 4218: training loss 2.3857, validation accuracy 36.20%, validation loss 2.4851
Checkpoint reload passed. Peak GPU memory: 7096 MiB. Results: runs/baseline_4218steps/convnext_tiny_seed0

Starting vit_b_16, seed 0
vit_b_16 | real_only | development | full | 4218 planned steps
Training: 45000 images | validation: 5000 images
Starting at step 0; stopping at step 4218.
step 703: training loss 4.0972, validation accuracy 9.24%, validation loss 3.8355
step 1406: training loss 3.7259, validation accuracy 12.64%, validation loss 3.6362
step 2109: training loss 3.4877, validation accuracy 17.20%, validation loss 3.3960
step 2812: training loss 3.2466, validation accuracy 21.62%, validation loss 3.1807
step 3515: training loss 3.0051, validation accuracy 23.70%, validation loss 3.0508
step 4218: training loss 2.8525, validation accuracy 24.58%, validation loss 3.0170
Checkpoint reload passed. Peak GPU memory: 8842 MiB. Results: runs/baseline_4218steps/vit_b_16_seed0

Starting swin_t, seed 0
swin_t | real_only | development | full | 4218 planned steps
Training: 45000 images | validation: 5000 images
Starting at step 0; stopping at step 4218.
step 703: training loss 4.0370, validation accuracy 12.24%, validation loss 3.6643
step 1406: training loss 3.5814, validation accuracy 17.08%, validation loss 3.4115
step 2109: training loss 3.3391, validation accuracy 20.54%, validation loss 3.1931
step 2812: training loss 3.1269, validation accuracy 24.16%, validation loss 3.0194
step 3515: training loss 2.9258, validation accuracy 27.80%, validation loss 2.8732
step 4218: training loss 2.8039, validation accuracy 27.34%, validation loss 2.8491
Checkpoint reload passed. Peak GPU memory: 6940 MiB. Results: runs/baseline_4218steps/swin_t_seed0

Starting resnet50, seed 1
resnet50 | real_only | development | full | 4218 planned steps
Training: 45000 images | validation: 5000 images
Starting at step 0; stopping at step 4218.
step 703: training loss 4.5482, validation accuracy 2.86%, validation loss 4.4405
step 1406: training loss 4.3713, validation accuracy 6.66%, validation loss 4.2409
step 2109: training loss 4.1015, validation accuracy 8.64%, validation loss 3.9914
step 2812: training loss 3.9031, validation accuracy 11.38%, validation loss 3.8098
step 3515: training loss 3.7646, validation accuracy 12.90%, validation loss 3.7252
step 4218: training loss 3.7168, validation accuracy 13.44%, validation loss 3.7056
Checkpoint reload passed. Peak GPU memory: 5532 MiB. Results: runs/baseline_4218steps/resnet50_seed1

Starting convnext_tiny, seed 1
convnext_tiny | real_only | development | full | 4218 planned steps
Training: 45000 images | validation: 5000 images
Starting at step 0; stopping at step 4218.
step 703: training loss 4.0190, validation accuracy 13.28%, validation loss 3.6313
step 1406: training loss 3.3987, validation accuracy 21.64%, validation loss 3.1498
step 2109: training loss 3.0238, validation accuracy 27.44%, validation loss 2.8650
step 2812: training loss 2.7246, validation accuracy 32.64%, validation loss 2.6306
step 3515: training loss 2.4690, validation accuracy 36.00%, validation loss 2.4692
step 4218: training loss 2.3247, validation accuracy 36.96%, validation loss 2.4313
Checkpoint reload passed. Peak GPU memory: 7096 MiB. Results: runs/baseline_4218steps/convnext_tiny_seed1

Starting vit_b_16, seed 1
vit_b_16 | real_only | development | full | 4218 planned steps
Training: 45000 images | validation: 5000 images
Starting at step 0; stopping at step 4218.
step 703: training loss 4.1555, validation accuracy 7.66%, validation loss 3.9323
step 1406: training loss 3.7821, validation accuracy 12.62%, validation loss 3.6814
step 2109: training loss 3.5566, validation accuracy 14.64%, validation loss 3.4946
step 2812: training loss 3.3325, validation accuracy 19.64%, validation loss 3.2760
step 3515: training loss 3.1179, validation accuracy 21.90%, validation loss 3.1385
step 4218: training loss 2.9656, validation accuracy 22.52%, validation loss 3.1047
Checkpoint reload passed. Peak GPU memory: 8842 MiB. Results: runs/baseline_4218steps/vit_b_16_seed1

Starting swin_t, seed 1
swin_t | real_only | development | full | 4218 planned steps
Training: 45000 images | validation: 5000 images
Starting at step 0; stopping at step 4218.
step 703: training loss 4.0422, validation accuracy 12.28%, validation loss 3.7243
step 1406: training loss 3.5605, validation accuracy 18.08%, validation loss 3.3603
step 2109: training loss 3.3036, validation accuracy 22.06%, validation loss 3.1401
step 2812: training loss 3.0551, validation accuracy 26.18%, validation loss 2.9371
step 3515: training loss 2.8323, validation accuracy 29.42%, validation loss 2.7827
step 4218: training loss 2.6982, validation accuracy 30.18%, validation loss 2.7449
Checkpoint reload passed. Peak GPU memory: 6940 MiB. Results: runs/baseline_4218steps/swin_t_seed1

Starting resnet50, seed 2
resnet50 | real_only | development | full | 4218 planned steps
Training: 45000 images | validation: 5000 images
Starting at step 0; stopping at step 4218.
step 703: training loss 4.5381, validation accuracy 2.80%, validation loss 4.4588
step 1406: training loss 4.3360, validation accuracy 5.40%, validation loss 4.1922
step 2109: training loss 4.0545, validation accuracy 9.54%, validation loss 3.9283
step 2812: training loss 3.8510, validation accuracy 11.86%, validation loss 3.7652
step 3515: training loss 3.7238, validation accuracy 13.74%, validation loss 3.6706
step 4218: training loss 3.6715, validation accuracy 13.84%, validation loss 3.6558
Checkpoint reload passed. Peak GPU memory: 5532 MiB. Results: runs/baseline_4218steps/resnet50_seed2

Starting convnext_tiny, seed 2
convnext_tiny | real_only | development | full | 4218 planned steps
Training: 45000 images | validation: 5000 images
Starting at step 0; stopping at step 4218.
step 703: training loss 4.0152, validation accuracy 14.46%, validation loss 3.5896
step 1406: training loss 3.3914, validation accuracy 20.08%, validation loss 3.2363
step 2109: training loss 3.0303, validation accuracy 26.30%, validation loss 2.8999
step 2812: training loss 2.7178, validation accuracy 32.92%, validation loss 2.6279
step 3515: training loss 2.4620, validation accuracy 36.52%, validation loss 2.4691
step 4218: training loss 2.3221, validation accuracy 37.18%, validation loss 2.4404
Checkpoint reload passed. Peak GPU memory: 7096 MiB. Results: runs/baseline_4218steps/convnext_tiny_seed2

Starting vit_b_16, seed 2
vit_b_16 | real_only | development | full | 4218 planned steps
Training: 45000 images | validation: 5000 images
Starting at step 0; stopping at step 4218.
step 703: training loss 4.0943, validation accuracy 9.90%, validation loss 3.8437
step 1406: training loss 3.7385, validation accuracy 13.02%, validation loss 3.6055
step 2109: training loss 3.4886, validation accuracy 16.24%, validation loss 3.4443
step 2812: training loss 3.2539, validation accuracy 20.28%, validation loss 3.1936
step 3515: training loss 3.0173, validation accuracy 23.92%, validation loss 3.0264
step 4218: training loss 2.8493, validation accuracy 24.74%, validation loss 3.0021
Checkpoint reload passed. Peak GPU memory: 8842 MiB. Results: runs/baseline_4218steps/vit_b_16_seed2

Starting swin_t, seed 2
swin_t | real_only | development | full | 4218 planned steps
Training: 45000 images | validation: 5000 images
Starting at step 0; stopping at step 4218.
step 703: training loss 4.0414, validation accuracy 13.18%, validation loss 3.6665
step 1406: training loss 3.5665, validation accuracy 15.48%, validation loss 3.4776
step 2109: training loss 3.3259, validation accuracy 21.18%, validation loss 3.1673
step 2812: training loss 3.0894, validation accuracy 25.72%, validation loss 2.9572
step 3515: training loss 2.8721, validation accuracy 28.28%, validation loss 2.8415
step 4218: training loss 2.7440, validation accuracy 28.76%, validation loss 2.8063
Checkpoint reload passed. Peak GPU memory: 6940 MiB. Results: runs/baseline_4218steps/swin_t_seed2

Starting resnet50, seed 3
resnet50 | real_only | development | full | 4218 planned steps
Training: 45000 images | validation: 5000 images
Starting at step 0; stopping at step 4218.
step 703: training loss 4.5422, validation accuracy 3.00%, validation loss 4.4411
step 1406: training loss 4.3584, validation accuracy 6.34%, validation loss 4.2364
step 2109: training loss 4.0801, validation accuracy 9.00%, validation loss 3.9668
step 2812: training loss 3.8592, validation accuracy 12.10%, validation loss 3.7536
step 3515: training loss 3.7228, validation accuracy 13.56%, validation loss 3.6700
step 4218: training loss 3.6669, validation accuracy 14.16%, validation loss 3.6557
Checkpoint reload passed. Peak GPU memory: 5532 MiB. Results: runs/baseline_4218steps/resnet50_seed3

Starting convnext_tiny, seed 3
convnext_tiny | real_only | development | full | 4218 planned steps
Training: 45000 images | validation: 5000 images
Starting at step 0; stopping at step 4218.
step 703: training loss 4.0482, validation accuracy 11.96%, validation loss 3.7271
step 1406: training loss 3.3964, validation accuracy 19.80%, validation loss 3.2114
step 2109: training loss 3.0238, validation accuracy 27.92%, validation loss 2.8534
step 2812: training loss 2.7158, validation accuracy 32.82%, validation loss 2.6232
step 3515: training loss 2.4811, validation accuracy 36.30%, validation loss 2.4859
step 4218: training loss 2.3344, validation accuracy 37.00%, validation loss 2.4509
Checkpoint reload passed. Peak GPU memory: 7096 MiB. Results: runs/baseline_4218steps/convnext_tiny_seed3

Starting vit_b_16, seed 3
vit_b_16 | real_only | development | full | 4218 planned steps
Training: 45000 images | validation: 5000 images
Starting at step 0; stopping at step 4218.
step 703: training loss 4.0989, validation accuracy 8.42%, validation loss 3.9350
step 1406: training loss 3.7354, validation accuracy 14.16%, validation loss 3.5777
step 2109: training loss 3.4882, validation accuracy 17.06%, validation loss 3.3877
step 2812: training loss 3.2529, validation accuracy 21.10%, validation loss 3.1773
step 3515: training loss 3.0244, validation accuracy 24.04%, validation loss 3.0418
step 4218: training loss 2.8654, validation accuracy 24.32%, validation loss 3.0157
Checkpoint reload passed. Peak GPU memory: 8842 MiB. Results: runs/baseline_4218steps/vit_b_16_seed3

Starting swin_t, seed 3
swin_t | real_only | development | full | 4218 planned steps
Training: 45000 images | validation: 5000 images
Starting at step 0; stopping at step 4218.
step 703: training loss 4.0479, validation accuracy 10.58%, validation loss 3.7777
step 1406: training loss 3.5685, validation accuracy 16.96%, validation loss 3.4255
step 2109: training loss 3.3281, validation accuracy 21.54%, validation loss 3.1673
step 2812: training loss 3.0831, validation accuracy 26.04%, validation loss 2.9443
step 3515: training loss 2.8620, validation accuracy 28.92%, validation loss 2.8117
step 4218: training loss 2.7276, validation accuracy 29.56%, validation loss 2.7789
Checkpoint reload passed. Peak GPU memory: 6940 MiB. Results: runs/baseline_4218steps/swin_t_seed3

Starting resnet50, seed 4
resnet50 | real_only | development | full | 4218 planned steps
Training: 45000 images | validation: 5000 images
Starting at step 0; stopping at step 4218.
step 703: training loss 4.5443, validation accuracy 3.72%, validation loss 4.4447
step 1406: training loss 4.2998, validation accuracy 6.14%, validation loss 4.1954
step 2109: training loss 4.0425, validation accuracy 10.20%, validation loss 3.9039
step 2812: training loss 3.8220, validation accuracy 12.84%, validation loss 3.7208
step 3515: training loss 3.6947, validation accuracy 14.00%, validation loss 3.6555
step 4218: training loss 3.6485, validation accuracy 14.16%, validation loss 3.6410
Checkpoint reload passed. Peak GPU memory: 5532 MiB. Results: runs/baseline_4218steps/resnet50_seed4

Starting convnext_tiny, seed 4
convnext_tiny | real_only | development | full | 4218 planned steps
Training: 45000 images | validation: 5000 images
Starting at step 0; stopping at step 4218.
step 703: training loss 4.0359, validation accuracy 13.40%, validation loss 3.5778
step 1406: training loss 3.3869, validation accuracy 21.74%, validation loss 3.1704
step 2109: training loss 3.0193, validation accuracy 27.30%, validation loss 2.8794
step 2812: training loss 2.7300, validation accuracy 32.54%, validation loss 2.6479
step 3515: training loss 2.4846, validation accuracy 35.38%, validation loss 2.5027
step 4218: training loss 2.3515, validation accuracy 36.66%, validation loss 2.4660
Checkpoint reload passed. Peak GPU memory: 7096 MiB. Results: runs/baseline_4218steps/convnext_tiny_seed4

Starting vit_b_16, seed 4
vit_b_16 | real_only | development | full | 4218 planned steps
Training: 45000 images | validation: 5000 images
Starting at step 0; stopping at step 4218.
step 703: training loss 4.1103, validation accuracy 8.74%, validation loss 3.8488
step 1406: training loss 3.7322, validation accuracy 12.74%, validation loss 3.6711
step 2109: training loss 3.5051, validation accuracy 15.94%, validation loss 3.4486
step 2812: training loss 3.2738, validation accuracy 20.66%, validation loss 3.2177
step 3515: training loss 3.0493, validation accuracy 23.44%, validation loss 3.0655
step 4218: training loss 2.8925, validation accuracy 24.24%, validation loss 3.0363
Checkpoint reload passed. Peak GPU memory: 8842 MiB. Results: runs/baseline_4218steps/vit_b_16_seed4

Starting swin_t, seed 4
swin_t | real_only | development | full | 4218 planned steps
Training: 45000 images | validation: 5000 images
Starting at step 0; stopping at step 4218.
step 703: training loss 4.0635, validation accuracy 11.42%, validation loss 3.7282
step 1406: training loss 3.5973, validation accuracy 16.22%, validation loss 3.4393
step 2109: training loss 3.3265, validation accuracy 21.08%, validation loss 3.2022
step 2812: training loss 3.1006, validation accuracy 24.42%, validation loss 2.9792
step 3515: training loss 2.8908, validation accuracy 27.84%, validation loss 2.8435
step 4218: training loss 2.7666, validation accuracy 28.60%, validation loss 2.8032
Checkpoint reload passed. Peak GPU memory: 6940 MiB. Results: runs/baseline_4218steps/swin_t_seed4
All 20 baseline runs completed.
